  TERMINUS COCKPIT OVERVIEW                                                                         
╭─ Left Panel ──────────────────╮╭─ Center Panel (Target) ────────╮╭─ Right Panel ─────────────────╮
│ Left Item Row 00 [Data]       ││ Center Item Row 00 [Occluded by││ Right Item Row 00 [Data]      │
│ Left Item Row 01 [Data]       ││ Center Item Row 01 [Occluded by││ Right Item Row 01 [Data]      │
│ Left Item Row 02 [Data]       ││ Center Item Row 02 [Occluded by││ Right Item Row 02 [Data]      │
│ Left Item Row 03 [Data]       ││ Center Item Row 03 [Occluded by││ Right Item Row 03 [Data]      │
│ Left Item Row 04 [Data]       ││ Center Item Row 04 [Occluded by││ Right Item Row 04 [Data]      │
│ Left Item Row 05 [Data]       ││ Center Item Row 05 [Occluded by││ Right Item Row 05 [Data]      │
│ Left Item Row 06 [Data]       ││ Center Item Row 06 [Occluded by││ Right Item Row 06 [Data]      │
│ Left Item Row 07 [Data]       ││ Center Item Row 07 [Occluded by││ Right Item Row 07 [Data]      │
│ Left Item Row 08 [Data]       ││ Center Item Row 08 [Occluded by││ Right Item Row 08 [Data]      │
│ Left Item Row 09 [Data]       ││ Center Item Row 09 [Occluded by││ Right Item Row 09 [Data]      │
│ Left Item Row 10 [Data]       ││ Center Item Row 10 [Occluded by││ Right Item Row 10 [Data]      │
│ Left Item Row 11 [Data]       ││ Center Item Row 11 [Occluded by││ Right Item Row 11 [Data]      │
│ Left Item Row 12 [Data]       ││ Center Item Row 12 [Occluded by││ Right Item Row 12 [Data]      │
│ Left Item Row 13 [Data]       ││ Center Item Row 13 [Occluded by││ Right Item Row 13 [Data]      │
│ Left Item Row 14 [Data]       ││ Center Item Row 14 [Occluded by││ Right Item Row 14 [Data]      │
│ Left Item Row 15 [Data]       ││ Center Item Row 15 [Occluded by││ Right Item Row 15 [Data]      │
│ Left Item Row 16 [Data]       ││ Center Item Row 16 [Occluded by││ Right Item Row 16 [Data]      │
│ Left Item Row 17 [Data]       ││ Center Item Row 17 [Occluded by││ Right Item Row 17 [Data]      │
│ Left Item Row 18 [Data]       ││ Center Item Row 18 [Occluded by││ Right Item Row 18 [Data]      │
│ Left Item Row 19 [Data]       ││ Center Item Row 19 [Occluded by││ Right Item Row 19 [Data]      │
│ Left Item Row 20 [Data]       ││ Center Item Row 20 [Occluded by││ Right Item Row 20 [Data]      │
│ Left Item Row 21 [Data]       ││ Center Item Row 21 [Occluded by││ Right Item Row 21 [Data]      │
│ Left Item Row 22 [Data]       ││ Center Item Row 22 [Occluded by││ Right Item Row 22 [Data]      │
│ Left Item Row 23 [Data]       ││ Center Item Row 23 [Occluded by││ Right Item Row 23 [Data]      │
│ Left Item Row 24 [Data]       ││ Center Item Row 24 [Occluded by││ Right Item Row 24 [Data]      │
│ Left Item Row 25 [Data]       ││ Center Item Row 25 [Occluded by││ Right Item Row 25 [Data]      │
│ Left Item Row 26 [Data]       ││ Center Item Row 26 [Occluded by││ Right Item Row 26 [Data]      │
│ Left Item Row 27 [Data]       ││ Center Item Row 27 [Occluded by││ Right Item Row 27 [Data]      │
│ Left Item Row 28 [Data]       ││ Center Item Row 28 [Occluded by││ Right Item Row 28 [Data]      │
│ Left Item Row 29 [Data]       ││ Center Item Row 29 [Occluded by││ Right Item Row 29 [Data]      │
│ Left Item Row 30 [Data]       ││ Center Item Row 30 [Occluded by││ Right Item Row 30 [Data]      │
│ Left Item Row 31 [Data]       ││ Center Item Row 31 [Occluded by││ Right Item Row 31 [Data]      │
│ Left Item Row 32 [Data]       ││ Center Item Row 32 [Occluded by││ Right Item Row 32 [Data]      │
│ Left Item Row 33 [Data]       ││ Center Item Row 33 [Occluded by││ Right Item Row 33 [Data]      │
│ Left Item Row 34 [Data]       ││ Center Item Row 34 [Occluded by││ Right Item Row 34 [Data]      │
│ Left Item Row 35 [Data]       ││ Center Item Row 35 [Occluded by││ Right Item Row 35 [Data]      │
╰───────────────────────────────╯╰────────────────────────────────╯╰───────────────────────────────╯
  Status: Operational | WCAG AA: PASS                                                               
